MongoDB connected
node:events:496
      throw er; // Unhandled 'error' event
      ^[0mGET / [32m200[0m 0.363 ms - 35[0m
ady in use :::5050
    at Server.setupListenHandle [as _listen2] (node:net:1939:16)
    at listenInCluster (node:net:1996:12)
    at Server.listen (node:net:2101:7)
    at Function.listen (D:\Project work\Notebook\backend\node_modules\express\lib\application.js:635:24)
    at file:///D:/Project%20work/Notebook/backend/server.js:41:9
    at process.processTicksAndRejections (node:internal/process/task_queues:105:5)
Emitted 'error' event on Server instance at:
    at emitErrorNT (node:net:1975:8)
    at process.processTicksAndRejections (node:internal/process/task_queues:90:21) {
  code: 'EADDRINUSE',
  errno: -4091,
  syscall: 'listen',
  address: '::',
  port: 5050
}

Node.js v22.16.0
